// Jest Snapshot v1, https://goo.gl/fbAQLP

exports[`Componente de transação do extrato O snapshot do componente deve permanecer sempre o mesmo 1`] = `
<div
  class="transaction-container"
>
  <p>
    08/09/2020
  </p>
  <p>
    withdrawn
  </p>
  <p>
    R$ 
    20.00
  </p>
</div>
`;
